// Jest Snapshot v1, https://goo.gl/fbAQLP

exports[`Prueba en <GifItem /> Debe hacer match con el snapshot 1`] = `
<div>
  <div
    class="card"
  >
    <img
      alt="Naruto"
      src="https://naruto.com/naruto.jpg"
    />
    <p>
      Naruto
    </p>
  </div>
</div>
`;
